
> frontend@0.0.0 build
> vite build

[36mvite v7.3.1 [32mbuilding client environment for production...[36m[39m
transforming...
[32mΓ£ô[39m 2047 modules transformed.
node.exe : 
[31mΓ£ù[39m Build 
failed in 4.36s
At line:1 char:1
+ & "C:\Program Files
\nodejs/node.exe" 
"C:\Program 
Files\nodejs/node_mo 
...
+ ~~~~~~~~~~~~~~~~~~~
~~~~~~~~~~~~~~~~~~~~~
~~~~~~~~~~~~~~~~~~~~~
~~~~~~~~
    + CategoryInfo   
           : NotSpe  
  cified: ([31mΓ£   
 ù[39m Build fai    
led in 4.36s:Str    
ing) [], RemoteE    
xception
    + FullyQualified 
   ErrorId : Native  
  CommandError
 
[31merror during 
build:
[31mCould not 
resolve "../../design
/tokens" from "src/pa
ges/soc/components/De
cisionMatrix.tsx"[31
m
file: [36mE:/project
/frontend/src/pages/s
oc/components/Decisio
nMatrix.tsx[31m
    at 
getRollupError (file:
///E:/project/fronten
d/node_modules/rollup
/dist/es/shared/parse
Ast.js:402:41)
    at error (file://
/E:/project/frontend/
node_modules/rollup/d
ist/es/shared/parseAs
t.js:398:42)
    at ModuleLoader.h
andleInvalidResolvedI
d (file:///E:/project
/frontend/node_module
s/rollup/dist/es/shar
ed/node-entry.js:2168
4:24)
    at file:///E:/pro
ject/frontend/node_mo
dules/rollup/dist/es/
shared/node-entry.js:
21644:26[39m
